[debug] [2025-08-19T18:24:38.872Z] ----------------------------------------------------------------------
[debug] [2025-08-19T18:24:38.874Z] Command:       C:\Program Files\nodejs\node.exe C:\Users\alyee\AppData\Roaming\npm\node_modules\firebase-tools\lib\bin\firebase.js init
[debug] [2025-08-19T18:24:38.875Z] CLI Version:   14.12.1
[debug] [2025-08-19T18:24:38.875Z] Platform:      win32
[debug] [2025-08-19T18:24:38.875Z] Node Version:  v22.18.0
[debug] [2025-08-19T18:24:38.875Z] Time:          Tue Aug 19 2025 23:54:38 GMT+0530 (India Standard Time)
[debug] [2025-08-19T18:24:38.875Z] ----------------------------------------------------------------------
[debug] 
[debug] [2025-08-19T18:24:38.879Z] > command requires scopes: ["email","openid","https://www.googleapis.com/auth/cloudplatformprojects.readonly","https://www.googleapis.com/auth/firebase","https://www.googleapis.com/auth/cloud-platform"]
[debug] [2025-08-19T18:24:38.880Z] > authorizing via signed-in user (wanialyeen@gmail.com)
[info] 
     ######## #### ########  ######## ########     ###     ######  ########
     ##        ##  ##     ## ##       ##     ##  ##   ##  ##       ##
     ######    ##  ########  ######   ########  #########  ######  ######
     ##        ##  ##    ##  ##       ##     ## ##     ##       ## ##
     ##       #### ##     ## ######## ########  ##     ##  ######  ########

You're about to initialize a Firebase project in this directory:

  C:\Users\alyee\Downloads\Fitme

[info] 
=== Project Setup
[info] 
[info] First, let's associate this project directory with a Firebase project.
[info] You can create multiple project aliases by running firebase use --add, 
[info] but for now we'll just set up a default project.
[info] 
[info] i  If you want to create a project in a Google Cloud organization or folder, please use "firebase projects:create" instead, and return to this command when you've created the project. 
[debug] [2025-08-19T18:27:18.266Z] Checked if tokens are valid: true, expires at: 1755631179734
[debug] [2025-08-19T18:27:18.267Z] Checked if tokens are valid: true, expires at: 1755631179734
[debug] [2025-08-19T18:27:18.268Z] >>> [apiv2][query] POST https://firebase.googleapis.com/v1/projects:checkProjectId [none]
[debug] [2025-08-19T18:27:18.269Z] >>> [apiv2][body] POST https://firebase.googleapis.com/v1/projects:checkProjectId {"proposedId":"FitMe App"}
[debug] [2025-08-19T18:27:18.923Z] <<< [apiv2][status] POST https://firebase.googleapis.com/v1/projects:checkProjectId 200
[debug] [2025-08-19T18:27:18.924Z] <<< [apiv2][body] POST https://firebase.googleapis.com/v1/projects:checkProjectId {"projectIdStatus":"PROJECT_ID_NOT_VALID","suggestedProjectId":"fitme-app-373e7"}
[debug] [2025-08-19T18:27:38.560Z] Checked if tokens are valid: true, expires at: 1755631179734
[debug] [2025-08-19T18:27:38.560Z] Checked if tokens are valid: true, expires at: 1755631179734
[debug] [2025-08-19T18:27:38.562Z] >>> [apiv2][query] POST https://firebase.googleapis.com/v1/projects:checkProjectId [none]
[debug] [2025-08-19T18:27:38.562Z] >>> [apiv2][body] POST https://firebase.googleapis.com/v1/projects:checkProjectId {"proposedId":"FitMee"}
[debug] [2025-08-19T18:27:39.522Z] <<< [apiv2][status] POST https://firebase.googleapis.com/v1/projects:checkProjectId 200
[debug] [2025-08-19T18:27:39.522Z] <<< [apiv2][body] POST https://firebase.googleapis.com/v1/projects:checkProjectId {"projectIdStatus":"PROJECT_ID_NOT_VALID","suggestedProjectId":"fitmee-bb20e"}
[debug] [2025-08-19T18:27:52.274Z] Checked if tokens are valid: true, expires at: 1755631179734
[debug] [2025-08-19T18:27:52.275Z] Checked if tokens are valid: true, expires at: 1755631179734
[debug] [2025-08-19T18:27:52.275Z] >>> [apiv2][query] POST https://firebase.googleapis.com/v1/projects:checkProjectId [none]
[debug] [2025-08-19T18:27:52.275Z] >>> [apiv2][body] POST https://firebase.googleapis.com/v1/projects:checkProjectId {"proposedId":"FitMee-alyeen"}
[debug] [2025-08-19T18:27:52.823Z] <<< [apiv2][status] POST https://firebase.googleapis.com/v1/projects:checkProjectId 200
[debug] [2025-08-19T18:27:52.823Z] <<< [apiv2][body] POST https://firebase.googleapis.com/v1/projects:checkProjectId {"projectIdStatus":"PROJECT_ID_NOT_VALID","suggestedProjectId":"fitmee-alyeen"}
[debug] [2025-08-19T18:27:58.748Z] Checked if tokens are valid: true, expires at: 1755631179734
[debug] [2025-08-19T18:27:58.748Z] Checked if tokens are valid: true, expires at: 1755631179734
[debug] [2025-08-19T18:27:58.749Z] >>> [apiv2][query] POST https://firebase.googleapis.com/v1/projects:checkProjectId [none]
[debug] [2025-08-19T18:27:58.749Z] >>> [apiv2][body] POST https://firebase.googleapis.com/v1/projects:checkProjectId {"proposedId":"FitMee-alyeen."}
[debug] [2025-08-19T18:27:59.357Z] <<< [apiv2][status] POST https://firebase.googleapis.com/v1/projects:checkProjectId 400
[debug] [2025-08-19T18:27:59.357Z] <<< [apiv2][body] POST https://firebase.googleapis.com/v1/projects:checkProjectId {"error":{"code":400,"message":"Request contains an invalid argument.","status":"INVALID_ARGUMENT"}}
[debug] [2025-08-19T18:27:59.358Z] Couldn't check if project ID FitMee-alyeen. is available. Original error: FirebaseError: Failed to check if project ID is available. See firebase-debug.log for more info.
[debug] [2025-08-19T18:28:18.824Z] Checked if tokens are valid: true, expires at: 1755631179734
[debug] [2025-08-19T18:28:18.824Z] Checked if tokens are valid: true, expires at: 1755631179734
[debug] [2025-08-19T18:28:18.824Z] >>> [apiv2][query] POST https://cloudresourcemanager.googleapis.com/v1/projects [none]
[debug] [2025-08-19T18:28:18.825Z] >>> [apiv2][body] POST https://cloudresourcemanager.googleapis.com/v1/projects {"projectId":"FitMee-alyeen.","name":"FitMee-alyeen."}
[debug] [2025-08-19T18:28:20.401Z] <<< [apiv2][status] POST https://cloudresourcemanager.googleapis.com/v1/projects 400
[debug] [2025-08-19T18:28:20.401Z] <<< [apiv2][body] POST https://cloudresourcemanager.googleapis.com/v1/projects {"error":{"code":400,"message":"Request contains an invalid argument.","status":"INVALID_ARGUMENT","details":[{"@type":"type.googleapis.com/google.rpc.BadRequest","fieldViolations":[{"field":"project_id","description":"project_id contains invalid characters"},{"field":"display_name","description":"project display name contains invalid characters"}]},{"@type":"type.googleapis.com/google.rpc.Help","links":[{"url":"https://cloud.google.com/resource-manager/reference/rest/v1/projects"}]}]}}
[debug] [2025-08-19T18:28:20.651Z] FirebaseError: Request to https://cloudresourcemanager.googleapis.com/v1/projects had HTTP Error: 400, Request contains an invalid argument.
    at responseToError (C:\Users\alyee\AppData\Roaming\npm\node_modules\firebase-tools\lib\responseToError.js:52:12)
    at RetryOperation._fn (C:\Users\alyee\AppData\Roaming\npm\node_modules\firebase-tools\lib\apiv2.js:312:77)
    at process.processTicksAndRejections (node:internal/process/task_queues:105:5)
[error] 
[error] Error: Failed to create project. See firebase-debug.log for more info.
